{"type":"server-started","port":56165,"host":"127.0.0.1","url_host":"localhost","url":"http://localhost:56165","screen_dir":"/Users/yi/code/portfolio-nextjs/.superpowers/brainstorm/41025-1775900371/content","state_dir":"/Users/yi/code/portfolio-nextjs/.superpowers/brainstorm/41025-1775900371/state"}
{"type":"screen-added","file":"/Users/yi/code/portfolio-nextjs/.superpowers/brainstorm/41025-1775900371/content/scope.html"}
{"source":"user-event","type":"click","text":"A\n    \n      Overall visual style\n      Colors, typography, general aesthetic — the whole site feels different","choice":"overall","id":null,"timestamp":1775900403112}
{"source":"user-event","type":"click","text":"A\n    \n      Overall visual style\n      Colors, typography, general aesthetic — the whole site feels different","choice":"overall","id":null,"timestamp":1775900403810}
{"source":"user-event","type":"click","text":"A\n    \n      Overall visual style\n      Colors, typography, general aesthetic — the whole site feels different","choice":"overall","id":null,"timestamp":1775900406494}
{"source":"user-event","type":"click","text":"A\n    \n      Overall visual style\n      Colors, typography, general aesthetic — the whole site feels different","choice":"overall","id":null,"timestamp":1775900408692}
{"source":"user-event","type":"click","text":"A\n    \n      Overall visual style\n      Colors, typography, general aesthetic — the whole site feels different","choice":"overall","id":null,"timestamp":1775900409277}
{"type":"screen-added","file":"/Users/yi/code/portfolio-nextjs/.superpowers/brainstorm/41025-1775900371/content/direction.html"}
{"source":"user-event","type":"click","text":"Dark mode\n      Near-black background, light text, vivid accent. Modern developer aesthetic — feels technical and sharp.","choice":"dark","id":null,"timestamp":1775900529810}
{"source":"user-event","type":"click","text":"Dark mode\n      Near-black background, light text, vivid accent. Modern developer aesthetic — feels technical and sharp.","choice":"dark","id":null,"timestamp":1775900530326}
{"source":"user-event","type":"click","text":"Clean minimal\n      Pure white background, stark black type, no color except for selective highlights. Editorial and timeless.","choice":"minimal","id":null,"timestamp":1775900530959}
{"source":"user-event","type":"click","text":"Dark mode\n      Near-black background, light text, vivid accent. Modern developer aesthetic — feels technical and sharp.","choice":"dark","id":null,"timestamp":1775900531742}
{"source":"user-event","type":"click","text":"Clean minimal\n      Pure white background, stark black type, no color except for selective highlights. Editorial and timeless.","choice":"minimal","id":null,"timestamp":1775900532309}
{"source":"user-event","type":"click","text":"Warm refresh\n      Keep the warmth but brighter — cream background, rich brown text, burnt orange or terracotta accent. Feels personal and crafted.","choice":"warm-refresh","id":null,"timestamp":1775900532909}
{"source":"user-event","type":"click","text":"Bold & expressive\n      Light lavender background, deep purple text, strong violet accent. More personality and energy — stands out from typical dev portfolios.","choice":"bold","id":null,"timestamp":1775900534009}
{"source":"user-event","type":"click","text":"Warm refresh\n      Keep the warmth but brighter — cream background, rich brown text, burnt orange or terracotta accent. Feels personal and crafted.","choice":"warm-refresh","id":null,"timestamp":1775900534709}
{"source":"user-event","type":"click","text":"Bold & expressive\n      Light lavender background, deep purple text, strong violet accent. More personality and energy — stands out from typical dev portfolios.","choice":"bold","id":null,"timestamp":1775900535526}
{"source":"user-event","type":"click","text":"Warm refresh\n      Keep the warmth but brighter — cream background, rich brown text, burnt orange or terracotta accent. Feels personal and crafted.","choice":"warm-refresh","id":null,"timestamp":1775900536025}
{"type":"screen-added","file":"/Users/yi/code/portfolio-nextjs/.superpowers/brainstorm/41025-1775900371/content/seasons.html"}
{"type":"screen-added","file":"/Users/yi/code/portfolio-nextjs/.superpowers/brainstorm/41025-1775900371/content/seasons-v2.html"}
{"type":"screen-added","file":"/Users/yi/code/portfolio-nextjs/.superpowers/brainstorm/41025-1775900371/content/spring-options.html"}
{"source":"user-event","type":"click","text":"CHERRY BLOSSOM\n      \n      \n      \n      \n      \n        \n        \n        \n      \n    \n    \n      Cherry Blossom\n      \n        \n        \n        \n        \n        \n      \n      Blush white background · deep rose text · vibrant pink accent · petal pink muted","choice":"cherry","id":null,"timestamp":1775900804175}
{"type":"screen-added","file":"/Users/yi/code/portfolio-nextjs/.superpowers/brainstorm/41025-1775900371/content/toggle-placement.html"}
{"source":"user-event","type":"click","text":"B\n    \n      Floating button\n      A small pill or icon fixed to the bottom-right corner. Out of the way but always accessible.\n      \n        \n          🍂 ∨","choice":"floating","id":null,"timestamp":1775900861307}
{"type":"screen-added","file":"/Users/yi/code/portfolio-nextjs/.superpowers/brainstorm/41025-1775900371/content/toggle-size.html"}
{"source":"user-event","type":"click","text":"B\n    \n      Large circle button — click to cycle\n      One big button showing the current season. Click to cycle to the next one.\n      \n        \n          🍂","choice":"circle","id":null,"timestamp":1775900929307}
{"source":"user-event","type":"click","text":"B\n    \n      Large circle button — click to cycle\n      One big button showing the current season. Click to cycle to the next one.\n      \n        \n          🍂","choice":"circle","id":null,"timestamp":1775900929806}
{"type":"screen-added","file":"/Users/yi/code/portfolio-nextjs/.superpowers/brainstorm/41025-1775900371/content/toggle-interaction.html"}
{"type":"screen-added","file":"/Users/yi/code/portfolio-nextjs/.superpowers/brainstorm/41025-1775900371/content/toggle-horizontal.html"}
{"type":"screen-added","file":"/Users/yi/code/portfolio-nextjs/.superpowers/brainstorm/41025-1775900371/content/winter-dark.html"}
{"source":"user-event","type":"click","text":"MIDNIGHT SNOW\n      \n      \n      \n      \n      \n      \n        \n        \n        \n        \n        \n      \n    \n    \n      Midnight Snow\n      \n        \n        \n        \n        \n        \n      \n      Near-black navy background · snow white text · ice blue accent · deep navy muted","choice":"midnight","id":null,"timestamp":1775901133806}
{"type":"screen-added","file":"/Users/yi/code/portfolio-nextjs/.superpowers/brainstorm/41025-1775900371/content/waiting.html"}
{"type":"screen-added","file":"/Users/yi/code/portfolio-nextjs/.superpowers/brainstorm/41025-1775900371/content/nav-colors.html"}
{"source":"user-event","type":"click","text":"Yi\n            Home · About · Blog\n            🌸 ☀️ 🍂\n          \n          B — Background tint + blur #0a0f1e/80","choice":"winter-b","id":null,"timestamp":1775901246222}
{"source":"user-event","type":"click","text":"Yi\n            Home · About · Blog\n            🌸 ☀️ ❄️\n          \n          A — Amber tint #f5e8c8","choice":"autumn-a","id":null,"timestamp":1775901247520}
{"source":"user-event","type":"click","text":"Yi\n            Home · About · Blog\n            ☀️ 🍂 ❄️\n          \n          B — Background tint + blur #fff0f5/80","choice":"spring-b","id":null,"timestamp":1775901249020}
{"type":"screen-added","file":"/Users/yi/code/portfolio-nextjs/.superpowers/brainstorm/41025-1775900371/content/nav-summer.html"}
{"source":"user-event","type":"click","text":"B\n    \n      \n        Yi\n        Home · About · Blog\n        🌸 🍂 ❄️\n      \n      Forest green\n      Uses the accent color as the nav background — bold and vivid, white text on dark green.\n      #166534 + white text","choice":"forest","id":null,"timestamp":1775901334487}
{"type":"screen-added","file":"/Users/yi/code/portfolio-nextjs/.superpowers/brainstorm/41025-1775900371/content/waiting-2.html"}
{"type":"server-stopped","reason":"idle timeout"}
